[{"_id":"5599a48b3c06df7af4c4c439","index":0,"guid":"511a2e07-c0a4-45ef-8442-7207a5ae49cd","isActive":true,"balance":"$1,251.34","picture":"http://placehold.it/32x32","age":29,"eyeColor":"green","name":{"first":"Cherie","last":"Hardy"},"company":"IMAGEFLOW","email":"cherie.hardy@imageflow.me","phone":"+1 (868) 537-3073","address":"457 Hendrickson Street, Townsend, Illinois, 2735","about":"Sunt id excepteur voluptate sunt aute irure nisi amet elit. Ex cupidatat culpa ipsum irure proident officia. Ipsum sit magna ad qui veniam aliquip laborum. Irure enim do duis ullamco cupidatat aute eiusmod reprehenderit commodo irure nostrud dolor culpa.\r\n","registered":"Wednesday, April 29, 2015 12:47 AM","latitude":-75.693364,"longitude":-50.714674,"tags":["ipsum","occaecat","duis","sit","sit","aute","laborum"],"range":[0,1,2,3,4,5,6,7,8,9],"friends":[{"id":0,"name":"Peck Mcbride"},{"id":1,"name":"Holden Leonard"},{"id":2,"name":"Suzette Murray"}],"greeting":"Hello, Cherie! You have 7 unread messages.","favoriteFruit":"apple"},{"_id":"5599a48bbb80a1f71c3718da","index":1,"guid":"ab1045a5-69a8-4571-8004-14313ceeec41","isActive":false,"balance":"$1,670.29","picture":"http://placehold.it/32x32","age":40,"eyeColor":"blue","name":{"first":"Heath","last":"Cobb"},"company":"AQUOAVO","email":"heath.cobb@aquoavo.net","phone":"+1 (881) 460-3077","address":"576 Terrace Place, Turah, Idaho, 5105","about":"Occaecat veniam non commodo dolor consequat commodo dolore magna veniam dolore tempor commodo sit. Sunt sint irure exercitation veniam dolore. Anim dolore laborum do magna in aliqua esse reprehenderit amet proident reprehenderit laboris. Dolor occaecat laboris ipsum dolore.\r\n","registered":"Saturday, February 8, 2014 3:13 PM","latitude":-66.210068,"longitude":-77.17999,"tags":["culpa","officia","est","commodo","excepteur","mollit","ea"],"range":[0,1,2,3,4,5,6,7,8,9],"friends":[{"id":0,"name":"Copeland Rosario"},{"id":1,"name":"Terra Bowman"},{"id":2,"name":"Freda Whitaker"}],"greeting":"Hello, Heath! You have 6 unread messages.","favoriteFruit":"strawberry"},{"_id":"5599a48b1bd6288e9b1a2403","index":2,"guid":"3cfe6f65-58cd-40f7-a083-3c2bcdbbe254","isActive":false,"balance":"$1,052.73","picture":"http://placehold.it/32x32","age":20,"eyeColor":"blue","name":{"first":"Chapman","last":"Padilla"},"company":"FUTURITY","email":"chapman.padilla@futurity.biz","phone":"+1 (905) 467-3177","address":"490 Bragg Court, Osage, Connecticut, 307","about":"Pariatur elit laborum laborum culpa minim aute aliquip proident. Consequat reprehenderit reprehenderit duis laboris in velit non ad mollit. Tempor exercitation incididunt sit proident est. Aute aliqua adipisicing proident ad commodo officia velit ad. Cupidatat cillum aliqua do pariatur excepteur non magna aliquip consectetur. Exercitation voluptate voluptate in magna. Magna reprehenderit culpa exercitation dolore eiusmod voluptate magna.\r\n","registered":"Sunday, May 4, 2014 6:08 AM","latitude":80.246586,"longitude":-121.209718,"tags":["occaecat","cupidatat","reprehenderit","magna","nostrud","elit","minim"],"range":[0,1,2,3,4,5,6,7,8,9],"friends":[{"id":0,"name":"Mathews Bennett"},{"id":1,"name":"Jeannie Albert"},{"id":2,"name":"Rosalind Ramirez"}],"greeting":"Hello, Chapman! You have 8 unread messages.","favoriteFruit":"banana"},{"_id":"5599a48b8de6eb74800888f9","index":3,"guid":"34f4a5f2-07ba-4898-9d41-40eceeab200d","isActive":true,"balance":"$1,099.07","picture":"http://placehold.it/32x32","age":29,"eyeColor":"brown","name":{"first":"Boyer","last":"Maynard"},"company":"MICRONAUT","email":"boyer.maynard@micronaut.biz","phone":"+1 (803) 576-3576","address":"229 Richmond Street, Welch, New Hampshire, 1141","about":"Veniam nulla amet consectetur occaecat et et eiusmod sunt id. Veniam non deserunt ut ipsum irure mollit. Reprehenderit deserunt duis elit labore occaecat labore ullamco elit mollit do quis.\r\n","registered":"Wednesday, October 22, 2014 12:49 PM","latitude":56.670931,"longitude":83.61014,"tags":["anim","consequat","exercitation","qui","Lorem","ea","irure"],"range":[0,1,2,3,4,5,6,7,8,9],"friends":[{"id":0,"name":"Meghan Fulton"},{"id":1,"name":"Cynthia Mcpherson"},{"id":2,"name":"Benton Goodwin"}],"greeting":"Hello, Boyer! You have 7 unread messages.","favoriteFruit":"banana"},{"_id":"5599a48b3246f9eaa59a3974","index":4,"guid":"1f468327-e3f8-4237-b9ab-5775cc53815a","isActive":true,"balance":"$3,314.67","picture":"http://placehold.it/32x32","age":24,"eyeColor":"brown","name":{"first":"Wyatt","last":"Higgins"},"company":"BEADZZA","email":"wyatt.higgins@beadzza.ca","phone":"+1 (828) 578-2494","address":"423 Kenmore Terrace, Eureka, Wisconsin, 7479","about":"Quis sint aute ex nisi incididunt eu reprehenderit eiusmod sint aliqua adipisicing nostrud. Minim aliquip incididunt nisi ut fugiat excepteur in nulla. Consectetur nulla et quis commodo consectetur Lorem nisi quis anim. Ullamco consequat adipisicing eu voluptate duis amet ex duis consectetur. Dolor ad sit ut nisi Lorem ea anim pariatur enim pariatur irure pariatur ex officia.\r\n","registered":"Monday, April 13, 2015 2:23 AM","latitude":-58.790313,"longitude":-171.376024,"tags":["nisi","proident","laborum","fugiat","laborum","elit","sit"],"range":[0,1,2,3,4,5,6,7,8,9],"friends":[{"id":0,"name":"Ina Hudson"},{"id":1,"name":"Wall Baird"},{"id":2,"name":"Tonya Macdonald"}],"greeting":"Hello, Wyatt! You have 5 unread messages.","favoriteFruit":"strawberry"},{"_id":"5599a48b53b6b64fb1fbe184","index":5,"guid":"3bd277d8-1a31-4509-87d1-20b211136d80","isActive":true,"balance":"$1,808.51","picture":"http://placehold.it/32x32","age":32,"eyeColor":"brown","name":{"first":"Slater","last":"Bartlett"},"company":"CYTREK","email":"slater.bartlett@cytrek.org","phone":"+1 (817) 442-2632","address":"280 Cumberland Walk, Coventry, Guam, 3761","about":"Anim proident ullamco laborum quis officia laborum. Ad adipisicing laboris nisi sit veniam aliqua officia sint id proident. Sunt nisi ad ad proident nisi amet consequat reprehenderit. Cillum sint sit ullamco ut veniam eu eu id aute ex nostrud. Exercitation fugiat fugiat laborum dolor cupidatat occaecat reprehenderit ullamco minim sit. Deserunt elit anim reprehenderit labore labore do nostrud nulla ullamco sint ex id velit. Minim elit pariatur do esse.\r\n","registered":"Saturday, July 26, 2014 4:50 PM","latitude":54.55191,"longitude":-23.126299,"tags":["nostrud","incididunt","eiusmod","cupidatat","sunt","nulla","veniam"],"range":[0,1,2,3,4,5,6,7,8,9],"friends":[{"id":0,"name":"Green Cox"},{"id":1,"name":"Stafford Oneal"},{"id":2,"name":"Angelia Burns"}],"greeting":"Hello, Slater! You have 9 unread messages.","favoriteFruit":"apple"}]